mode: set
agnos-assignment/config/database.go:13.2,14.1 2 0
agnos-assignment/config/database.go:15.2,16.1 2 0
agnos-assignment/config/database.go:19.2,24.1 1 0
agnos-assignment/config/database.go:27.2,28.16 2 0
agnos-assignment/config/database.go:29.3,30.1 1 0
agnos-assignment/config/database.go:32.2,33.1 3 0
agnos-assignment/config/database.go:34.2,39.16 3 0
agnos-assignment/config/database.go:40.3,41.1 1 0
agnos-assignment/config/database.go:42.2,42.11 1 0
agnos-assignment/main.go:9.2,10.1 3 0
agnos-assignment/main.go:11.2,12.1 3 0
agnos-assignment/main.go:13.2,14.1 3 0
agnos-assignment/routes/routes.go:13.2,14.1 6 0
agnos-assignment/routes/routes.go:15.2,19.1 6 0
agnos-assignment/routes/routes.go:20.2,20.42 6 0
agnos-assignment/routes/routes.go:21.3,24.1 1 0
agnos-assignment/routes/routes.go:26.2,27.1 8 0
agnos-assignment/routes/routes.go:28.2,29.1 8 0
agnos-assignment/routes/routes.go:30.2,31.1 8 0
agnos-assignment/routes/routes.go:32.2,33.1 8 0
agnos-assignment/routes/routes.go:34.2,35.1 8 0
agnos-assignment/routes/routes.go:36.2,37.1 8 0
agnos-assignment/routes/routes.go:38.2,39.1 8 0
agnos-assignment/routes/routes.go:40.2,40.10 8 0
agnos-assignment/utils/context.go:6.2,7.13 2 0
agnos-assignment/utils/context.go:8.3,9.1 1 0
agnos-assignment/utils/context.go:11.2,11.32 1 0
agnos-assignment/utils/context.go:13.3,13.22 1 0
agnos-assignment/utils/context.go:15.3,15.22 1 0
agnos-assignment/utils/context.go:17.3,17.17 1 0
agnos-assignment/utils/context.go:19.3,19.18 1 0
agnos-assignment/utils/mock_database.go:13.2,15.1 6 0
agnos-assignment/utils/mock_database.go:16.2,20.1 6 0
agnos-assignment/utils/mock_database.go:21.2,23.1 6 0
agnos-assignment/utils/mock_database.go:24.2,25.1 6 0
agnos-assignment/utils/response.go:10.2,14.1 1 0
agnos-assignment/utils/response.go:17.2,21.1 1 0
agnos-assignment/middleware/auth.go:12.2,12.32 1 0
agnos-assignment/middleware/auth.go:13.3,14.1 2 0
agnos-assignment/middleware/auth.go:15.3,15.23 2 0
agnos-assignment/middleware/auth.go:16.4,20.1 2 0
agnos-assignment/middleware/auth.go:22.3,23.1 2 0
agnos-assignment/middleware/auth.go:24.3,24.46 2 0
agnos-assignment/middleware/auth.go:25.4,29.1 2 0
agnos-assignment/middleware/auth.go:31.3,34.40 2 0
agnos-assignment/middleware/auth.go:35.5,35.60 1 0
agnos-assignment/middleware/auth.go:36.6,37.1 1 0
agnos-assignment/middleware/auth.go:39.5,39.54 1 0
agnos-assignment/middleware/auth.go:43.3,43.33 1 0
agnos-assignment/middleware/auth.go:44.4,48.1 2 0
agnos-assignment/middleware/auth.go:50.3,51.1 2 0
agnos-assignment/middleware/auth.go:52.3,52.10 2 0
agnos-assignment/middleware/auth.go:53.4,57.1 2 0
agnos-assignment/middleware/auth.go:59.3,61.13 3 0
agnos-assignment/handlers/auth.go:19.2,21.1 1 0
agnos-assignment/handlers/auth.go:25.2,27.49 3 0
agnos-assignment/handlers/auth.go:28.3,30.1 2 0
agnos-assignment/handlers/auth.go:32.2,33.25 2 0
agnos-assignment/handlers/auth.go:34.3,36.1 2 0
agnos-assignment/handlers/auth.go:38.2,39.37 1 0
agnos-assignment/handlers/auth.go:40.3,42.1 2 0
agnos-assignment/handlers/auth.go:44.2,47.1 4 0
agnos-assignment/handlers/auth.go:49.2,53.1 4 0
agnos-assignment/handlers/auth.go:54.2,57.1 4 0
agnos-assignment/handlers/auth.go:58.2,58.16 4 0
agnos-assignment/handlers/auth.go:59.3,61.1 2 0
agnos-assignment/handlers/auth.go:63.2,65.4 1 0
agnos-assignment/handlers/hospital.go:17.2,18.1 2 1
agnos-assignment/handlers/hospital.go:19.2,19.49 2 1
agnos-assignment/handlers/hospital.go:20.3,22.1 2 1
agnos-assignment/handlers/hospital.go:24.2,27.1 2 1
agnos-assignment/handlers/hospital.go:29.2,29.56 2 1
agnos-assignment/handlers/hospital.go:30.3,32.1 2 1
agnos-assignment/handlers/hospital.go:34.2,36.4 1 1
agnos-assignment/handlers/hospital.go:40.2,42.25 3 1
agnos-assignment/handlers/hospital.go:43.3,45.1 2 1
agnos-assignment/handlers/hospital.go:47.2,49.4 1 1
agnos-assignment/handlers/patient.go:17.2,17.15 1 1
agnos-assignment/handlers/patient.go:18.3,19.1 1 1
agnos-assignment/handlers/patient.go:20.2,20.11 1 1
agnos-assignment/handlers/patient.go:24.2,25.52 2 1
agnos-assignment/handlers/patient.go:26.3,28.1 2 1
agnos-assignment/handlers/patient.go:30.2,31.1 3 1
agnos-assignment/handlers/patient.go:32.2,33.1 3 1
agnos-assignment/handlers/patient.go:34.2,34.58 3 1
agnos-assignment/handlers/patient.go:35.3,36.1 1 1
agnos-assignment/handlers/patient.go:38.2,40.27 3 1
agnos-assignment/handlers/patient.go:41.3,43.1 2 1
agnos-assignment/handlers/patient.go:45.2,45.28 1 1
agnos-assignment/handlers/patient.go:46.3,48.1 2 1
agnos-assignment/handlers/patient.go:50.2,50.26 1 1
agnos-assignment/handlers/patient.go:51.3,53.1 2 1
agnos-assignment/handlers/patient.go:54.2,57.1 5 1
agnos-assignment/handlers/patient.go:58.2,59.25 5 1
agnos-assignment/handlers/patient.go:60.3,62.1 2 1
agnos-assignment/handlers/patient.go:64.2,66.4 1 1
agnos-assignment/handlers/patient.go:70.2,71.49 2 1
agnos-assignment/handlers/patient.go:72.3,74.1 2 1
agnos-assignment/handlers/patient.go:76.2,77.9 2 1
agnos-assignment/handlers/patient.go:78.3,80.1 2 1
agnos-assignment/handlers/patient.go:82.2,97.1 3 1
agnos-assignment/handlers/patient.go:98.2,99.25 3 1
agnos-assignment/handlers/patient.go:100.3,102.1 2 1
agnos-assignment/handlers/patient.go:104.2,106.4 1 1
agnos-assignment/handlers/staff.go:18.2,19.1 2 1
agnos-assignment/handlers/staff.go:20.2,20.49 2 1
agnos-assignment/handlers/staff.go:21.3,23.1 2 1
agnos-assignment/handlers/staff.go:24.2,25.1 2 1
agnos-assignment/handlers/staff.go:26.2,26.16 2 1
agnos-assignment/handlers/staff.go:27.3,29.1 2 1
agnos-assignment/handlers/staff.go:31.2,35.1 2 1
agnos-assignment/handlers/staff.go:37.2,37.53 2 1
agnos-assignment/handlers/staff.go:38.3,40.1 2 1
agnos-assignment/handlers/staff.go:42.2,46.1 2 1
agnos-assignment/handlers/staff.go:48.2,50.4 2 1
agnos-assignment/handlers/staff.go:54.2,55.1 3 1
agnos-assignment/handlers/staff.go:56.2,57.25 3 1
agnos-assignment/handlers/staff.go:58.3,60.1 2 1
agnos-assignment/handlers/staff.go:62.2,63.31 2 1
agnos-assignment/handlers/staff.go:64.3,68.1 1 1
agnos-assignment/handlers/staff.go:71.2,73.4 1 1
